[18Dec2025 22:19:22.075] [main/INFO] [cpw.mods.modlauncher.Launcher/MODLAUNCHER]: ModLauncher running: args [--launchTarget, forgeclientdev, --version, 21.1.216, --assetIndex, 17, --assetsDir, /Users/fengyue.john.zhu/.gradle/caches/neoformruntime/assets, --gameDir, ., --fml.fmlVersion, 4.0.42, --fml.mcVersion, 1.21.1, --fml.neoForgeVersion, 21.1.216, --fml.neoFormVersion, 20240808.144430]
[18Dec2025 22:19:22.077] [main/INFO] [cpw.mods.modlauncher.Launcher/MODLAUNCHER]: JVM identified as Oracle Corporation Java HotSpot(TM) 64-Bit Server VM 21.0.8+12-LTS-250
[18Dec2025 22:19:22.078] [main/INFO] [cpw.mods.modlauncher.Launcher/MODLAUNCHER]: ModLauncher 11.0.5+main.901c6ea8 starting: java version 21.0.8 by Oracle Corporation; OS Mac OS X arch aarch64 version 15.6.1
[18Dec2025 22:19:22.134] [main/INFO] [net.neoforged.fml.loading.ImmediateWindowHandler/]: Loading ImmediateWindowProvider fmlearlywindow
[18Dec2025 22:19:22.299] [main/INFO] [EARLYDISPLAY/]: Trying GL version 4.6
[18Dec2025 22:19:22.352] [main/INFO] [EARLYDISPLAY/]: Trying GL version 4.5
[18Dec2025 22:19:22.359] [main/INFO] [EARLYDISPLAY/]: Trying GL version 4.4
[18Dec2025 22:19:22.366] [main/INFO] [EARLYDISPLAY/]: Trying GL version 4.3
[18Dec2025 22:19:22.371] [main/INFO] [EARLYDISPLAY/]: Trying GL version 4.2
[18Dec2025 22:19:22.377] [main/INFO] [EARLYDISPLAY/]: Trying GL version 4.1
[18Dec2025 22:19:22.388] [main/INFO] [EARLYDISPLAY/]: Requested GL version 4.1 got version 4.1
[18Dec2025 22:19:22.482] [main/INFO] [mixin/]: SpongePowered MIXIN Subsystem Version=0.8.7 Source=union:/Users/fengyue.john.zhu/.gradle/caches/modules-2/files-2.1/net.fabricmc/sponge-mixin/0.15.2+mixin.0.8.7/2af2f021d8e02a0220dc27a7a72b4666d66d44ca/sponge-mixin-0.15.2+mixin.0.8.7.jar%23132!/ Service=ModLauncher Env=CLIENT
[18Dec2025 22:19:22.694] [pool-2-thread-1/INFO] [EARLYDISPLAY/]: GL info: Apple M1 Pro GL version 4.1 Metal - 89.4, Apple
[18Dec2025 22:19:22.702] [main/INFO] [net.neoforged.fml.loading.moddiscovery.locators.JarInJarDependencyLocator/]: Found 2 dependencies adding them to mods collection
[18Dec2025 22:19:22.703] [main/INFO] [net.neoforged.fml.loading.moddiscovery.ModDiscoverer/]: 
     Mod List:
		Name Version (Mod Id)

		Corpse 1.21.1-1.1.13 (corpse)
		Corpses Flesh 1.0.0 (corpses_flesh)
		Minecraft 1.21.1 (minecraft)
		NeoForge 21.1.216 (neoforge)
[18Dec2025 22:19:23.017] [main/INFO] [mixin/]: Compatibility level set to JAVA_21
[18Dec2025 22:19:23.021] [main/INFO] [cpw.mods.modlauncher.LaunchServiceHandler/MODLAUNCHER]: Launching target 'forgeclientdev' with arguments [--version, 21.1.216, --gameDir, ., --assetsDir, /Users/fengyue.john.zhu/.gradle/caches/neoformruntime/assets, --assetIndex, 17]
[18Dec2025 22:19:23.717] [Datafixer Bootstrap/INFO] [com.mojang.datafixers.DataFixerBuilder/]: 229 Datafixer optimizations took 149 milliseconds
[18Dec2025 22:19:25.135] [pool-8-thread-1/INFO] [MixinExtras|Service/]: Initializing MixinExtras via com.llamalad7.mixinextras.service.MixinExtrasServiceImpl(version=0.5.0).
[18Dec2025 22:19:27.653] [main/WARN] [net.minecraft.commands.Commands/]: Ambiguity between arguments [teleport, location] and [teleport, destination] with inputs: [0.1 -0.5 .9, 0 0 0]
[18Dec2025 22:19:27.654] [main/WARN] [net.minecraft.commands.Commands/]: Ambiguity between arguments [teleport, location] and [teleport, targets] with inputs: [0.1 -0.5 .9, 0 0 0]
[18Dec2025 22:19:27.655] [main/WARN] [net.minecraft.commands.Commands/]: Ambiguity between arguments [teleport, destination] and [teleport, targets] with inputs: [Player, 0123, @e, dd12be42-52a9-4a91-a8a1-11c01849e498]
[18Dec2025 22:19:27.656] [main/WARN] [net.minecraft.commands.Commands/]: Ambiguity between arguments [teleport, targets] and [teleport, destination] with inputs: [Player, 0123, dd12be42-52a9-4a91-a8a1-11c01849e498]
[18Dec2025 22:19:27.657] [main/WARN] [net.minecraft.commands.Commands/]: Ambiguity between arguments [teleport, targets, location] and [teleport, targets, destination] with inputs: [0.1 -0.5 .9, 0 0 0]
[18Dec2025 22:19:27.712] [Render thread/WARN] [net.minecraft.server.packs.VanillaPackResourcesBuilder/]: Assets URL 'union:/Users/fengyue.john.zhu/Documents/Corpses%20Flesh/build/moddev/artifacts/neoforge-21.1.216.jar%23184!/assets/.mcassetsroot' uses unexpected schema
[18Dec2025 22:19:27.712] [Render thread/WARN] [net.minecraft.server.packs.VanillaPackResourcesBuilder/]: Assets URL 'union:/Users/fengyue.john.zhu/Documents/Corpses%20Flesh/build/moddev/artifacts/neoforge-21.1.216.jar%23184!/data/.mcassetsroot' uses unexpected schema
[18Dec2025 22:19:27.723] [Render thread/INFO] [com.mojang.authlib.yggdrasil.YggdrasilAuthenticationService/]: Environment: Environment[sessionHost=https://sessionserver.mojang.com, servicesHost=https://api.minecraftservices.com, name=PROD]
[18Dec2025 22:19:27.727] [Render thread/INFO] [net.minecraft.client.Minecraft/]: Setting user: Dev
[18Dec2025 22:19:27.766] [Render thread/INFO] [net.minecraft.client.Minecraft/]: Backend library: LWJGL version 3.3.3+5
[18Dec2025 22:19:28.108] [modloading-worker-0/INFO] [net.neoforged.neoforge.common.NeoForgeMod/NEOFORGE-MOD]: NeoForge mod loading, version 21.1.216, for MC 1.21.1
[18Dec2025 22:19:28.391] [modloading-sync-worker/WARN] [net.neoforged.fml.config.ConfigTracker/CONFIG]: Configuration file /Users/fengyue.john.zhu/Documents/Corpses Flesh/run/config/corpses_flesh-common.toml is not correct. Correcting
[18Dec2025 22:19:28.687] [Render thread/INFO] [net.neoforged.neoforge.gametest.GameTestHooks/]: Enabled Gametest Namespaces: [corpses_flesh]
[18Dec2025 22:19:28.837] [Render thread/INFO] [net.minecraft.server.packs.resources.ReloadableResourceManager/]: Reloading ResourceManager: vanilla, mod_resources, mod/corpse, mod/corpses_flesh, mod/neoforge
[18Dec2025 22:19:28.860] [NeoForge Version Check/INFO] [net.neoforged.fml.VersionChecker/]: [corpse] Starting version check at https://update.maxhenkel.de/neoforge/corpse
[18Dec2025 22:19:28.903] [Worker-Main-6/INFO] [net.minecraft.client.gui.font.providers.UnihexProvider/]: Found unifont_all_no_pua-15.1.05.hex, loading
[18Dec2025 22:19:29.022] [Worker-Main-2/INFO] [net.minecraft.client.gui.font.providers.UnihexProvider/]: Found unifont_jp_patch-15.1.05.hex, loading
[18Dec2025 22:19:29.889] [Render thread/WARN] [net.minecraft.client.sounds.SoundEngine/]: Missing sound for event: minecraft:item.goat_horn.play
[18Dec2025 22:19:29.889] [Render thread/WARN] [net.minecraft.client.sounds.SoundEngine/]: Missing sound for event: minecraft:entity.goat.screaming.horn_break
[18Dec2025 22:19:29.990] [Render thread/INFO] [com.mojang.blaze3d.audio.Library/]: OpenAL initialized on device MacBook Pro Speakers
[18Dec2025 22:19:29.992] [Render thread/INFO] [net.minecraft.client.sounds.SoundEngine/SOUNDS]: Sound engine started
[18Dec2025 22:19:30.068] [Render thread/INFO] [net.minecraft.client.renderer.texture.TextureAtlas/]: Created: 1024x512x4 minecraft:textures/atlas/blocks.png-atlas
[18Dec2025 22:19:30.079] [Render thread/INFO] [net.minecraft.client.renderer.texture.TextureAtlas/]: Created: 256x256x4 minecraft:textures/atlas/signs.png-atlas
[18Dec2025 22:19:30.079] [Render thread/INFO] [net.minecraft.client.renderer.texture.TextureAtlas/]: Created: 512x512x4 minecraft:textures/atlas/shield_patterns.png-atlas
[18Dec2025 22:19:30.080] [Render thread/INFO] [net.minecraft.client.renderer.texture.TextureAtlas/]: Created: 512x512x4 minecraft:textures/atlas/banner_patterns.png-atlas
[18Dec2025 22:19:30.080] [Render thread/INFO] [net.minecraft.client.renderer.texture.TextureAtlas/]: Created: 1024x1024x4 minecraft:textures/atlas/armor_trims.png-atlas
[18Dec2025 22:19:30.084] [Render thread/INFO] [net.minecraft.client.renderer.texture.TextureAtlas/]: Created: 256x256x4 minecraft:textures/atlas/chest.png-atlas
[18Dec2025 22:19:30.084] [Render thread/INFO] [net.minecraft.client.renderer.texture.TextureAtlas/]: Created: 128x64x4 minecraft:textures/atlas/decorated_pot.png-atlas
[18Dec2025 22:19:30.085] [Render thread/INFO] [net.minecraft.client.renderer.texture.TextureAtlas/]: Created: 512x256x4 minecraft:textures/atlas/beds.png-atlas
[18Dec2025 22:19:30.085] [Render thread/INFO] [net.minecraft.client.renderer.texture.TextureAtlas/]: Created: 512x256x4 minecraft:textures/atlas/shulker_boxes.png-atlas
[18Dec2025 22:19:30.143] [Render thread/INFO] [net.minecraft.client.renderer.texture.TextureAtlas/]: Created: 512x256x0 minecraft:textures/atlas/particles.png-atlas
[18Dec2025 22:19:30.144] [Render thread/INFO] [net.minecraft.client.renderer.texture.TextureAtlas/]: Created: 512x256x0 minecraft:textures/atlas/paintings.png-atlas
[18Dec2025 22:19:30.144] [Render thread/INFO] [net.minecraft.client.renderer.texture.TextureAtlas/]: Created: 256x128x0 minecraft:textures/atlas/mob_effects.png-atlas
[18Dec2025 22:19:30.144] [Render thread/INFO] [net.minecraft.client.renderer.texture.TextureAtlas/]: Created: 64x64x0 minecraft:textures/atlas/map_decorations.png-atlas
[18Dec2025 22:19:30.144] [Render thread/INFO] [net.minecraft.client.renderer.texture.TextureAtlas/]: Created: 1024x512x0 minecraft:textures/atlas/gui.png-atlas
[18Dec2025 22:19:30.182] [Render thread/WARN] [net.minecraft.client.renderer.ShaderInstance/]: Shader rendertype_entity_translucent_emissive could not find sampler named Sampler2 in the specified shader program.
[18Dec2025 22:19:30.242] [Render thread/INFO] [net.neoforged.neoforge.client.entity.animation.json.AnimationLoader/]: Loaded 0 entity animations
[18Dec2025 22:19:30.387] [NeoForge Version Check/INFO] [net.neoforged.fml.VersionChecker/]: [corpse] Found status: BETA Current: 1.21.1-1.1.13 Target: 1.21.1-1.1.13
[18Dec2025 22:19:44.392] [Render thread/INFO] [net.minecraft.world.level.storage.LevelStorageSource/]: Deleting level New World
[18Dec2025 22:19:44.393] [Render thread/INFO] [net.minecraft.world.level.storage.LevelStorageSource/]: Attempt 1...
[18Dec2025 22:19:44.814] [Render thread/INFO] [net.minecraft.world.item.crafting.RecipeManager/]: Loaded 1294 recipes
[18Dec2025 22:19:44.903] [Render thread/INFO] [net.minecraft.advancements.AdvancementTree/]: Loaded 1403 advancements
[18Dec2025 22:19:49.617] [Server thread/INFO] [net.minecraft.client.server.IntegratedServer/]: Starting integrated minecraft server version 1.21.1
[18Dec2025 22:19:49.618] [Server thread/INFO] [net.minecraft.server.MinecraftServer/]: Generating keypair
[18Dec2025 22:19:52.255] [Server thread/INFO] [net.minecraft.server.MinecraftServer/]: Preparing start region for dimension minecraft:overworld
[18Dec2025 22:19:52.275] [progressListener/INFO] [net.minecraft.server.level.progress.LoggerChunkProgressListener/]: Preparing spawn area: 2%
[18Dec2025 22:19:52.770] [progressListener/INFO] [net.minecraft.server.level.progress.LoggerChunkProgressListener/]: Preparing spawn area: 2%
[18Dec2025 22:19:53.271] [progressListener/INFO] [net.minecraft.server.level.progress.LoggerChunkProgressListener/]: Preparing spawn area: 2%
[18Dec2025 22:19:53.768] [progressListener/INFO] [net.minecraft.server.level.progress.LoggerChunkProgressListener/]: Preparing spawn area: 18%
[18Dec2025 22:19:54.270] [progressListener/INFO] [net.minecraft.server.level.progress.LoggerChunkProgressListener/]: Preparing spawn area: 51%
[18Dec2025 22:19:54.766] [progressListener/INFO] [net.minecraft.server.level.progress.LoggerChunkProgressListener/]: Preparing spawn area: 65%
[18Dec2025 22:19:54.808] [Server thread/INFO] [net.neoforged.neoforge.server.permission.PermissionAPI/]: Successfully initialized permission handler neoforge:default_handler
[18Dec2025 22:19:54.820] [progressListener/INFO] [net.minecraft.server.level.progress.LoggerChunkProgressListener/]: Time elapsed: 2564 ms
[18Dec2025 22:19:54.827] [Server thread/INFO] [net.minecraft.client.server.IntegratedServer/]: Changing view distance to 12, from 10
[18Dec2025 22:19:54.827] [Server thread/INFO] [net.minecraft.client.server.IntegratedServer/]: Changing simulation distance to 12, from 0
[18Dec2025 22:19:55.179] [Server thread/INFO] [net.minecraft.server.players.PlayerList/]: Dev[local:E:2c797bbc] logged in with entity id 13 at (-54.5, 75.0, -41.5)
[18Dec2025 22:19:55.203] [Server thread/INFO] [net.minecraft.server.MinecraftServer/]: Dev joined the game
[18Dec2025 22:19:55.300] [Render thread/INFO] [net.minecraft.advancements.AdvancementTree/]: Loaded 2 advancements
[18Dec2025 22:20:22.458] [Server thread/INFO] [net.minecraft.client.server.IntegratedServer/]: Saving and pausing game...
[18Dec2025 22:20:22.469] [Server thread/INFO] [net.minecraft.server.MinecraftServer/]: Saving chunks for level 'ServerLevel[New World]'/minecraft:overworld
[18Dec2025 22:20:22.477] [Server thread/INFO] [net.minecraft.server.MinecraftServer/]: Saving chunks for level 'ServerLevel[New World]'/minecraft:the_end
[18Dec2025 22:20:22.478] [Server thread/INFO] [net.minecraft.server.MinecraftServer/]: Saving chunks for level 'ServerLevel[New World]'/minecraft:the_nether
[18Dec2025 22:49:04.288] [Server thread/INFO] [net.minecraft.server.MinecraftServer/]: Dev has made the advancement [Hot Stuff]
[18Dec2025 22:49:04.298] [Render thread/INFO] [net.minecraft.client.gui.components.ChatComponent/]: [System] [CHAT] Dev has made the advancement [Hot Stuff]
[18Dec2025 22:49:04.343] [Render thread/INFO] [net.minecraft.advancements.AdvancementTree/]: Loaded 9 advancements
[18Dec2025 22:49:06.805] [Server thread/INFO] [net.minecraft.server.MinecraftServer/]: Dev was killed
[18Dec2025 22:49:06.811] [Server thread/INFO] [net.minecraft.server.MinecraftServer/]: [Dev: Killed Dev]
[18Dec2025 22:49:06.815] [Render thread/INFO] [net.minecraft.client.gui.components.ChatComponent/]: [System] [CHAT] Dev was killed
[18Dec2025 22:49:06.815] [Render thread/INFO] [net.minecraft.client.gui.components.ChatComponent/]: [System] [CHAT] Killed Dev
[18Dec2025 22:49:12.096] [Render thread/INFO] [net.minecraft.client.gui.components.ChatComponent/]: [System] [CHAT] Respawn point set
[18Dec2025 22:49:18.146] [Render thread/INFO] [net.minecraft.client.gui.components.ChatComponent/]: [System] [CHAT] Unknown or incomplete command, see below for error
[18Dec2025 22:49:18.146] [Render thread/INFO] [net.minecraft.client.gui.components.ChatComponent/]: [System] [CHAT] gamemodee survival<--[HERE]
[18Dec2025 22:49:21.440] [Server thread/INFO] [net.minecraft.server.MinecraftServer/]: [Dev: Set own game mode to Survival Mode]
[18Dec2025 22:49:21.448] [Render thread/INFO] [net.minecraft.client.gui.components.ChatComponent/]: [System] [CHAT] Set own game mode to Survival Mode
[18Dec2025 22:49:35.448] [Render thread/INFO] [net.minecraft.advancements.AdvancementTree/]: Loaded 13 advancements
[18Dec2025 22:49:36.245] [Render thread/INFO] [net.minecraft.advancements.AdvancementTree/]: Loaded 14 advancements
[18Dec2025 22:49:51.639] [Server thread/INFO] [net.minecraft.client.server.IntegratedServer/]: Saving and pausing game...
[18Dec2025 22:49:51.645] [Server thread/INFO] [net.minecraft.server.MinecraftServer/]: Saving chunks for level 'ServerLevel[New World]'/minecraft:overworld
[18Dec2025 22:49:51.650] [Server thread/INFO] [net.minecraft.server.MinecraftServer/]: Saving chunks for level 'ServerLevel[New World]'/minecraft:the_end
[18Dec2025 22:49:51.651] [Server thread/INFO] [net.minecraft.server.MinecraftServer/]: Saving chunks for level 'ServerLevel[New World]'/minecraft:the_nether
[18Dec2025 22:50:52.844] [Server thread/INFO] [net.minecraft.server.MinecraftServer/]: Dev tried to swim in lava
[18Dec2025 22:50:52.855] [Render thread/INFO] [net.minecraft.client.gui.components.ChatComponent/]: [System] [CHAT] Dev tried to swim in lava
[18Dec2025 22:51:07.389] [Server thread/INFO] [net.minecraft.client.server.IntegratedServer/]: Saving and pausing game...
[18Dec2025 22:51:07.393] [Server thread/INFO] [net.minecraft.server.MinecraftServer/]: Saving chunks for level 'ServerLevel[New World]'/minecraft:overworld
[18Dec2025 22:51:07.397] [Server thread/INFO] [net.minecraft.server.MinecraftServer/]: Saving chunks for level 'ServerLevel[New World]'/minecraft:the_end
[18Dec2025 22:51:07.400] [Server thread/INFO] [net.minecraft.server.MinecraftServer/]: Saving chunks for level 'ServerLevel[New World]'/minecraft:the_nether
[18Dec2025 22:51:07.945] [Server thread/INFO] [net.minecraft.server.network.ServerGamePacketListenerImpl/]: Dev lost connection: Disconnected
[18Dec2025 22:51:07.945] [Server thread/INFO] [net.minecraft.server.MinecraftServer/]: Dev left the game
[18Dec2025 22:51:07.948] [Server thread/INFO] [net.minecraft.server.network.ServerCommonPacketListenerImpl/]: Stopping singleplayer server as player logged out
[18Dec2025 22:51:07.989] [Server thread/INFO] [net.minecraft.server.MinecraftServer/]: Stopping server
[18Dec2025 22:51:07.990] [Server thread/INFO] [net.minecraft.server.MinecraftServer/]: Saving players
[18Dec2025 22:51:07.990] [Server thread/INFO] [net.minecraft.server.MinecraftServer/]: Saving worlds
[18Dec2025 22:51:08.091] [Server thread/INFO] [net.minecraft.server.MinecraftServer/]: Saving chunks for level 'ServerLevel[New World]'/minecraft:overworld
[18Dec2025 22:51:08.160] [Server thread/INFO] [net.minecraft.server.MinecraftServer/]: Saving chunks for level 'ServerLevel[New World]'/minecraft:the_end
[18Dec2025 22:51:08.165] [Server thread/INFO] [net.minecraft.server.MinecraftServer/]: Saving chunks for level 'ServerLevel[New World]'/minecraft:the_nether
[18Dec2025 22:51:08.173] [Server thread/INFO] [net.minecraft.server.MinecraftServer/]: ThreadedAnvilChunkStorage (New World): All chunks are saved
[18Dec2025 22:51:08.173] [Server thread/INFO] [net.minecraft.server.MinecraftServer/]: ThreadedAnvilChunkStorage (DIM1): All chunks are saved
[18Dec2025 22:51:08.173] [Server thread/INFO] [net.minecraft.server.MinecraftServer/]: ThreadedAnvilChunkStorage (DIM-1): All chunks are saved
[18Dec2025 22:51:08.173] [Server thread/INFO] [net.minecraft.server.MinecraftServer/]: ThreadedAnvilChunkStorage: All dimensions are saved
[18Dec2025 22:51:10.063] [Render thread/INFO] [net.minecraft.world.item.crafting.RecipeManager/]: Loaded 1294 recipes
[18Dec2025 22:51:10.121] [Render thread/INFO] [net.minecraft.advancements.AdvancementTree/]: Loaded 1403 advancements
[18Dec2025 22:51:10.452] [Server thread/INFO] [net.minecraft.client.server.IntegratedServer/]: Starting integrated minecraft server version 1.21.1
[18Dec2025 22:51:10.452] [Server thread/INFO] [net.minecraft.server.MinecraftServer/]: Generating keypair
[18Dec2025 22:51:11.436] [Server thread/INFO] [net.minecraft.server.MinecraftServer/]: Preparing start region for dimension minecraft:overworld
[18Dec2025 22:51:11.467] [progressListener/INFO] [net.minecraft.server.level.progress.LoggerChunkProgressListener/]: Preparing spawn area: 0%
[18Dec2025 22:51:11.492] [Server thread/INFO] [net.neoforged.neoforge.server.permission.PermissionAPI/]: Successfully initialized permission handler neoforge:default_handler
[18Dec2025 22:51:11.504] [progressListener/INFO] [net.minecraft.server.level.progress.LoggerChunkProgressListener/]: Time elapsed: 55 ms
[18Dec2025 22:51:11.524] [Server thread/INFO] [net.minecraft.client.server.IntegratedServer/]: Changing view distance to 12, from 10
[18Dec2025 22:51:11.524] [Server thread/INFO] [net.minecraft.client.server.IntegratedServer/]: Changing simulation distance to 12, from 0
[18Dec2025 22:51:11.695] [Server thread/INFO] [net.minecraft.server.players.PlayerList/]: Dev[local:E:936efa79] logged in with entity id 2653 at (-33.154436336261604, 72.18888295407648, -3.4604973505716274)
[18Dec2025 22:51:11.700] [Server thread/INFO] [net.minecraft.server.MinecraftServer/]: Dev joined the game
[18Dec2025 22:51:11.743] [Render thread/INFO] [net.minecraft.advancements.AdvancementTree/]: Loaded 14 advancements
[18Dec2025 22:52:06.087] [Server thread/INFO] [net.minecraft.server.MinecraftServer/]: [Dev: Set own game mode to Creative Mode]
[18Dec2025 22:52:06.088] [Render thread/INFO] [net.minecraft.client.gui.components.ChatComponent/]: [System] [CHAT] Set own game mode to Creative Mode
[18Dec2025 22:53:32.443] [Server thread/INFO] [net.minecraft.client.server.IntegratedServer/]: Saving and pausing game...
[18Dec2025 22:53:32.448] [Server thread/INFO] [net.minecraft.server.MinecraftServer/]: Saving chunks for level 'ServerLevel[New World]'/minecraft:overworld
[18Dec2025 22:53:32.460] [Server thread/INFO] [net.minecraft.server.MinecraftServer/]: Saving chunks for level 'ServerLevel[New World]'/minecraft:the_end
[18Dec2025 22:53:32.460] [Server thread/INFO] [net.minecraft.server.MinecraftServer/]: Saving chunks for level 'ServerLevel[New World]'/minecraft:the_nether
[18Dec2025 22:54:08.399] [Render thread/INFO] [net.minecraft.advancements.AdvancementTree/]: Loaded 15 advancements
[18Dec2025 22:54:45.793] [Server thread/INFO] [net.minecraft.client.server.IntegratedServer/]: Saving and pausing game...
[18Dec2025 22:54:45.797] [Server thread/INFO] [net.minecraft.server.MinecraftServer/]: Saving chunks for level 'ServerLevel[New World]'/minecraft:overworld
[18Dec2025 22:54:45.801] [Server thread/INFO] [net.minecraft.server.MinecraftServer/]: Saving chunks for level 'ServerLevel[New World]'/minecraft:the_end
[18Dec2025 22:54:45.803] [Server thread/INFO] [net.minecraft.server.MinecraftServer/]: Saving chunks for level 'ServerLevel[New World]'/minecraft:the_nether
[18Dec2025 22:54:56.700] [Server thread/INFO] [net.minecraft.server.network.ServerGamePacketListenerImpl/]: Dev lost connection: Disconnected
[18Dec2025 22:54:56.700] [Server thread/INFO] [net.minecraft.server.MinecraftServer/]: Dev left the game
[18Dec2025 22:54:56.704] [Server thread/INFO] [net.minecraft.server.network.ServerCommonPacketListenerImpl/]: Stopping singleplayer server as player logged out
[18Dec2025 22:54:56.743] [Server thread/INFO] [net.minecraft.server.MinecraftServer/]: Stopping server
[18Dec2025 22:54:56.744] [Server thread/INFO] [net.minecraft.server.MinecraftServer/]: Saving players
[18Dec2025 22:54:56.744] [Server thread/INFO] [net.minecraft.server.MinecraftServer/]: Saving worlds
[18Dec2025 22:54:57.193] [Server thread/INFO] [net.minecraft.server.MinecraftServer/]: Saving chunks for level 'ServerLevel[New World]'/minecraft:overworld
[18Dec2025 22:54:57.265] [Server thread/INFO] [net.minecraft.server.MinecraftServer/]: Saving chunks for level 'ServerLevel[New World]'/minecraft:the_end
[18Dec2025 22:54:57.271] [Server thread/INFO] [net.minecraft.server.MinecraftServer/]: Saving chunks for level 'ServerLevel[New World]'/minecraft:the_nether
[18Dec2025 22:54:57.277] [Server thread/INFO] [net.minecraft.server.MinecraftServer/]: ThreadedAnvilChunkStorage (New World): All chunks are saved
[18Dec2025 22:54:57.277] [Server thread/INFO] [net.minecraft.server.MinecraftServer/]: ThreadedAnvilChunkStorage (DIM1): All chunks are saved
[18Dec2025 22:54:57.278] [Server thread/INFO] [net.minecraft.server.MinecraftServer/]: ThreadedAnvilChunkStorage (DIM-1): All chunks are saved
[18Dec2025 22:54:57.278] [Server thread/INFO] [net.minecraft.server.MinecraftServer/]: ThreadedAnvilChunkStorage: All dimensions are saved
[18Dec2025 22:54:58.136] [Render thread/INFO] [net.minecraft.client.Minecraft/]: Stopping!
